<html>
<body>
<pre>
<h1>礦ision Build Log</h1>
<h2>Tool Versions:</h2>
IDE-Version: μVision V5.35.0.0
Copyright (C) 2021 ARM Ltd and ARM Germany GmbH. All rights reserved.
License Information: KaKam Chong, NJU, LIC=FYKYW-QSEPT-308NC-7HK7K-C6LJI-IAQ5A
 
Tool Versions:
Toolchain:       MDK-ARM Plus  Version: 5.35.0.2
Toolchain Path:  C:\Users\keil5\app\ARM\ARMCC\Bin
C Compiler:      Armcc.exe V5.06 update 7 (build 960)
Assembler:       Armasm.exe V5.06 update 7 (build 960)
Linker/Locator:  ArmLink.exe V5.06 update 7 (build 960)
Library Manager: ArmAr.exe V5.06 update 7 (build 960)
Hex Converter:   FromElf.exe V5.06 update 7 (build 960)
CPU DLL:         SARMCM3.DLL V5.35.0.2
Dialog DLL:      DCM.DLL V1.17.3.0
Target DLL:      UL2CM3.DLL V1.164.0.0
Dialog DLL:      TCM.DLL V1.53.0.0
 
<h2>Project:</h2>
C:\Users\庄嘉鑫\Desktop\STM32CubeProgrammerFlashAlgorithm\W25Q64_STM32H743_REG\W25Q64_STM32H743_REG.uvprojx
Project File Date:  08/07/2021

<h2>Output:</h2>
*** Using Compiler 'V5.06 update 7 (build 960)', folder: 'C:\Users\keil5\app\ARM\ARMCC\Bin'
Rebuild target 'STM32H743_W25Q64'
compiling Dev_Inf.c...
compiling led.c...
compiling w25qxx.c...
compiling delay.c...
compiling Loader_Src.c...
compiling qspi.c...
compiling sys.c...
compiling usart.c...
linking...
Program Size: Code=3512 RO-data=200 RW-data=16 ZI-data=4296  
After Build - User command #1: cmd.exe /C copy ".\Out\W25Q64_STM32H743_REG.axf" ".\W25Q64_STM32H743_REG.stldr"
已复制         1 个文件。
".\Out\W25Q64_STM32H743_REG.axf" - 0 Error(s), 0 Warning(s).

<h2>Software Packages used:</h2>

Package Vendor: ARM
                http://www.keil.com/pack/ARM.CMSIS.5.8.0.pack
                ARM.CMSIS.5.8.0
                CMSIS (Common Microcontroller Software Interface Standard)
   * Component: CORE Version: 5.5.0

Package Vendor: Keil
                https://www.keil.com/pack/Keil.STM32H7xx_DFP.2.7.0.pack
                Keil.STM32H7xx_DFP.2.7.0
                STMicroelectronics STM32H7 Series Device Support and Examples

<h2>Collection of Component include folders:</h2>
  .\RTE\_STM32H743_W25Q64
  C:\Users\keil5\pack\ARM\CMSIS\5.8.0\CMSIS\Core\Include
  C:\Users\keil5\pack\Keil\STM32H7xx_DFP\2.7.0\Drivers\CMSIS\Device\ST\STM32H7xx\Include

<h2>Collection of Component Files used:</h2>

   * Component: ARM::CMSIS:CORE:5.5.0
Build Time Elapsed:  00:00:00
</pre>
</body>
</html>
