Component: ARM Compiler 5.06 update 7 (build 960) Tool: armlink [4d3601]

==============================================================================

Image Symbol Table

    Local Symbols

    Symbol Name                              Value     Ov Type        Size  Object(Section)

    ../clib/angel/sys.s                      0x00000000   Number         0  use_no_semi.o ABSOLUTE
    ../clib/angel/sys.s                      0x00000000   Number         0  use_no_semi_2.o ABSOLUTE
    Dev_Inf.c                                0x00000000   Number         0  dev_inf.o ABSOLUTE
    Loader_Src.c                             0x00000000   Number         0  loader_src.o ABSOLUTE
    Loader_Src.c                             0x00000000   Number         0  loader_src.o ABSOLUTE
    dc.s                                     0x00000000   Number         0  dc.o ABSOLUTE
    devices\HARDWARE\LED\led.c               0x00000000   Number         0  led.o ABSOLUTE
    devices\HARDWARE\QSPI\qspi.c             0x00000000   Number         0  qspi.o ABSOLUTE
    devices\HARDWARE\W25QXX\w25qxx.c         0x00000000   Number         0  w25qxx.o ABSOLUTE
    devices\SYSTEM\delay\delay.c             0x00000000   Number         0  delay.o ABSOLUTE
    devices\SYSTEM\sys\sys.c                 0x00000000   Number         0  sys.o ABSOLUTE
    devices\SYSTEM\usart\usart.c             0x00000000   Number         0  usart.o ABSOLUTE
    devices\\HARDWARE\\LED\\led.c            0x00000000   Number         0  led.o ABSOLUTE
    devices\\HARDWARE\\QSPI\\qspi.c          0x00000000   Number         0  qspi.o ABSOLUTE
    devices\\HARDWARE\\W25QXX\\w25qxx.c      0x00000000   Number         0  w25qxx.o ABSOLUTE
    devices\\SYSTEM\\delay\\delay.c          0x00000000   Number         0  delay.o ABSOLUTE
    devices\\SYSTEM\\sys\\sys.c              0x00000000   Number         0  sys.o ABSOLUTE
    devices\\SYSTEM\\usart\\usart.c          0x00000000   Number         0  usart.o ABSOLUTE
    .emb_text                                0x20000004   Section        6  sys.o(.emb_text)
    $v0                                      0x20000004   Number         0  sys.o(.emb_text)
    .rev16_text                              0x2000000c   Section        4  loader_src.o(.rev16_text)
    $v0                                      0x2000000c   Number         0  loader_src.o(.rev16_text)
    .rev16_text                              0x20000010   Section        4  qspi.o(.rev16_text)
    $v0                                      0x20000010   Number         0  qspi.o(.rev16_text)
    .rev16_text                              0x20000014   Section        4  w25qxx.o(.rev16_text)
    $v0                                      0x20000014   Number         0  w25qxx.o(.rev16_text)
    .rev16_text                              0x20000018   Section        4  led.o(.rev16_text)
    $v0                                      0x20000018   Number         0  led.o(.rev16_text)
    .rev16_text                              0x2000001c   Section        4  delay.o(.rev16_text)
    $v0                                      0x2000001c   Number         0  delay.o(.rev16_text)
    .rev16_text                              0x20000020   Section        4  sys.o(.rev16_text)
    $v0                                      0x20000020   Number         0  sys.o(.rev16_text)
    .rev16_text                              0x20000024   Section        4  usart.o(.rev16_text)
    $v0                                      0x20000024   Number         0  usart.o(.rev16_text)
    .revsh_text                              0x20000028   Section        4  loader_src.o(.revsh_text)
    $v0                                      0x20000028   Number         0  loader_src.o(.revsh_text)
    .revsh_text                              0x2000002c   Section        4  qspi.o(.revsh_text)
    $v0                                      0x2000002c   Number         0  qspi.o(.revsh_text)
    .revsh_text                              0x20000030   Section        4  w25qxx.o(.revsh_text)
    $v0                                      0x20000030   Number         0  w25qxx.o(.revsh_text)
    .revsh_text                              0x20000034   Section        4  led.o(.revsh_text)
    $v0                                      0x20000034   Number         0  led.o(.revsh_text)
    .revsh_text                              0x20000038   Section        4  delay.o(.revsh_text)
    $v0                                      0x20000038   Number         0  delay.o(.revsh_text)
    .revsh_text                              0x2000003c   Section        4  sys.o(.revsh_text)
    $v0                                      0x2000003c   Number         0  sys.o(.revsh_text)
    .revsh_text                              0x20000040   Section        4  usart.o(.revsh_text)
    $v0                                      0x20000040   Number         0  usart.o(.revsh_text)
    .rrx_text                                0x20000044   Section        6  loader_src.o(.rrx_text)
    $v0                                      0x20000044   Number         0  loader_src.o(.rrx_text)
    .rrx_text                                0x2000004c   Section        6  qspi.o(.rrx_text)
    $v0                                      0x2000004c   Number         0  qspi.o(.rrx_text)
    .rrx_text                                0x20000054   Section        6  w25qxx.o(.rrx_text)
    $v0                                      0x20000054   Number         0  w25qxx.o(.rrx_text)
    .rrx_text                                0x2000005c   Section        6  led.o(.rrx_text)
    $v0                                      0x2000005c   Number         0  led.o(.rrx_text)
    .rrx_text                                0x20000064   Section        6  delay.o(.rrx_text)
    $v0                                      0x20000064   Number         0  delay.o(.rrx_text)
    .rrx_text                                0x2000006c   Section        6  sys.o(.rrx_text)
    $v0                                      0x2000006c   Number         0  sys.o(.rrx_text)
    .rrx_text                                0x20000074   Section        6  usart.o(.rrx_text)
    $v0                                      0x20000074   Number         0  usart.o(.rrx_text)
    .text                                    0x2000007a   Section        0  loader_src.o(.text)
    .text                                    0x20000264   Section        0  qspi.o(.text)
    .text                                    0x200004cc   Section        0  w25qxx.o(.text)
    .text                                    0x200007b8   Section        0  led.o(.text)
    .text                                    0x200007f0   Section        0  delay.o(.text)
    .text                                    0x2000089c   Section        0  sys.o(.text)
    .text                                    0x20000cac   Section        0  usart.o(.text)
    .text                                    0x20000db8   Section        2  use_no_semi_2.o(.text)
    .text                                    0x20000dba   Section        2  use_no_semi.o(.text)
    .data                                    0x20000dc0   Section        4  w25qxx.o(.data)
    .data                                    0x20000dc4   Section        2  delay.o(.data)
    fac_us                                   0x20000dc4   Data           2  delay.o(.data)
    .data                                    0x20000dc6   Section        2  usart.o(.data)
    .data                                    0x20000dc8   Section        4  usart.o(.data)
    .bss                                     0x20000dcc   Section     4096  w25qxx.o(.bss)
    .constdata                               0x20000dcc   Section      200  dev_inf.o(.constdata)
    .bss                                     0x20001dcc   Section      200  usart.o(.bss)

    Global Symbols

    Symbol Name                              Value     Ov Type        Size  Object(Section)

    BuildAttributes$$THM_ISAv4$E$P$D$K$B$S$7EM$VFPv5_D16$PE$PLD8$A:L22UL41UL21$X:L11$S22US41US21$IEEE1$IW$RWPI$~STKCKD$USESV7$~SHL$OSPACE$ROPI$EBA8$STANDARDLIB$REQ8$PRES8$EABIv2 0x00000000   Number         0  anon$$obj.o ABSOLUTE
    MSR_MSP                                  0x20000005   Thumb Code     6  sys.o(.emb_text)
    __asm___12_Loader_Src_c_Init____REV16    0x2000000d   Thumb Code     4  loader_src.o(.rev16_text)
    __asm___6_qspi_c_68b0a1e9____REV16       0x20000011   Thumb Code     4  qspi.o(.rev16_text)
    __asm___8_w25qxx_c_7a854d5a____REV16     0x20000015   Thumb Code     4  w25qxx.o(.rev16_text)
    __asm___5_led_c_LED_Init____REV16        0x20000019   Thumb Code     4  led.o(.rev16_text)
    __asm___7_delay_c_f6a9c549____REV16      0x2000001d   Thumb Code     4  delay.o(.rev16_text)
    __asm___5_sys_c_d144038c____REV16        0x20000021   Thumb Code     4  sys.o(.rev16_text)
    __asm___7_usart_c__ttywrch____REV16      0x20000025   Thumb Code     4  usart.o(.rev16_text)
    __asm___12_Loader_Src_c_Init____REVSH    0x20000029   Thumb Code     4  loader_src.o(.revsh_text)
    __asm___6_qspi_c_68b0a1e9____REVSH       0x2000002d   Thumb Code     4  qspi.o(.revsh_text)
    __asm___8_w25qxx_c_7a854d5a____REVSH     0x20000031   Thumb Code     4  w25qxx.o(.revsh_text)
    __asm___5_led_c_LED_Init____REVSH        0x20000035   Thumb Code     4  led.o(.revsh_text)
    __asm___7_delay_c_f6a9c549____REVSH      0x20000039   Thumb Code     4  delay.o(.revsh_text)
    __asm___5_sys_c_d144038c____REVSH        0x2000003d   Thumb Code     4  sys.o(.revsh_text)
    __asm___7_usart_c__ttywrch____REVSH      0x20000041   Thumb Code     4  usart.o(.revsh_text)
    __asm___12_Loader_Src_c_Init____RRX      0x20000045   Thumb Code     6  loader_src.o(.rrx_text)
    __asm___6_qspi_c_68b0a1e9____RRX         0x2000004d   Thumb Code     6  qspi.o(.rrx_text)
    __asm___8_w25qxx_c_7a854d5a____RRX       0x20000055   Thumb Code     6  w25qxx.o(.rrx_text)
    __asm___5_led_c_LED_Init____RRX          0x2000005d   Thumb Code     6  led.o(.rrx_text)
    __asm___7_delay_c_f6a9c549____RRX        0x20000065   Thumb Code     6  delay.o(.rrx_text)
    __asm___5_sys_c_d144038c____RRX          0x2000006d   Thumb Code     6  sys.o(.rrx_text)
    __asm___7_usart_c__ttywrch____RRX        0x20000075   Thumb Code     6  usart.o(.rrx_text)
    Init                                     0x2000007b   Thumb Code    32  loader_src.o(.text)
    Read                                     0x2000009b   Thumb Code    22  loader_src.o(.text)
    Write                                    0x200000b1   Thumb Code    22  loader_src.o(.text)
    MassErase                                0x200000c7   Thumb Code    10  loader_src.o(.text)
    SectorErase                              0x200000d1   Thumb Code    36  loader_src.o(.text)
    CheckSum                                 0x200000f5   Thumb Code   272  loader_src.o(.text)
    Verify                                   0x20000205   Thumb Code    94  loader_src.o(.text)
    QSPI_Wait_Flag                           0x20000265   Thumb Code    36  qspi.o(.text)
    QSPI_Init                                0x20000289   Thumb Code   210  qspi.o(.text)
    QSPI_Send_CMD                            0x2000035b   Thumb Code   110  qspi.o(.text)
    QSPI_Receive                             0x200003c9   Thumb Code   120  qspi.o(.text)
    QSPI_Transmit                            0x20000441   Thumb Code   114  qspi.o(.text)
    W25QXX_Write_Enable                      0x200004cd   Thumb Code    26  w25qxx.o(.text)
    W25QXX_ReadSR                            0x200004e7   Thumb Code    68  w25qxx.o(.text)
    W25QXX_ReadID                            0x2000052b   Thumb Code    44  w25qxx.o(.text)
    W25QXX_Write_SR                          0x20000557   Thumb Code    58  w25qxx.o(.text)
    W25QXX_Qspi_Enable                       0x20000591   Thumb Code    50  w25qxx.o(.text)
    W25QXX_Init                              0x200005c3   Thumb Code    90  w25qxx.o(.text)
    W25QXX_Qspi_Disable                      0x2000061d   Thumb Code    24  w25qxx.o(.text)
    W25QXX_Write_Disable                     0x20000635   Thumb Code    26  w25qxx.o(.text)
    W25QXX_Read                              0x2000064f   Thumb Code    28  w25qxx.o(.text)
    W25QXX_Wait_Busy                         0x2000066b   Thumb Code    14  w25qxx.o(.text)
    W25QXX_Write_Page                        0x20000679   Thumb Code    38  w25qxx.o(.text)
    W25QXX_Write_NoCheck                     0x2000069f   Thumb Code    62  w25qxx.o(.text)
    W25QXX_Erase_Sector                      0x200006dd   Thumb Code    30  w25qxx.o(.text)
    W25QXX_Write                             0x200006fb   Thumb Code   152  w25qxx.o(.text)
    W25QXX_Erase_Chip                        0x20000793   Thumb Code    28  w25qxx.o(.text)
    LED_Init                                 0x200007b9   Thumb Code    48  led.o(.text)
    delay_init                               0x200007f1   Thumb Code    20  delay.o(.text)
    delay_us                                 0x20000805   Thumb Code    48  delay.o(.text)
    delay_xms                                0x20000835   Thumb Code    54  delay.o(.text)
    delay_ms                                 0x2000086b   Thumb Code    46  delay.o(.text)
    MY_NVIC_SetVectorTable                   0x2000089d   Thumb Code    12  sys.o(.text)
    MY_NVIC_PriorityGroupConfig              0x200008a9   Thumb Code    28  sys.o(.text)
    MY_NVIC_Init                             0x200008c5   Thumb Code    74  sys.o(.text)
    Ex_NVIC_Config                           0x2000090f   Thumb Code    86  sys.o(.text)
    GPIO_AF_Set                              0x20000965   Thumb Code    32  sys.o(.text)
    GPIO_Set                                 0x20000985   Thumb Code   124  sys.o(.text)
    GPIO_Pin_Set                             0x20000a01   Thumb Code    12  sys.o(.text)
    GPIO_Pin_Get                             0x20000a0d   Thumb Code    10  sys.o(.text)
    WFI_SET                                  0x20000a17   Thumb Code     4  sys.o(.text)
    INTX_DISABLE                             0x20000a1b   Thumb Code     4  sys.o(.text)
    INTX_ENABLE                              0x20000a1f   Thumb Code     4  sys.o(.text)
    Sys_Standby                              0x20000a23   Thumb Code    74  sys.o(.text)
    Sys_Soft_Reset                           0x20000a6d   Thumb Code    12  sys.o(.text)
    Cache_Enable                             0x20000a79   Thumb Code   128  sys.o(.text)
    Sys_Clock_Set                            0x20000af9   Thumb Code   308  sys.o(.text)
    Stm32_Clock_Init                         0x20000c2d   Thumb Code   128  sys.o(.text)
    _ttywrch                                 0x20000cad   Thumb Code     2  usart.o(.text)
    _sys_exit                                0x20000caf   Thumb Code     2  usart.o(.text)
    fputc                                    0x20000cb1   Thumb Code    14  usart.o(.text)
    USART1_IRQHandler                        0x20000cbf   Thumb Code    80  usart.o(.text)
    uart_init                                0x20000d0f   Thumb Code   144  usart.o(.text)
    __use_no_semihosting                     0x20000db9   Thumb Code     2  use_no_semi_2.o(.text)
    __semihosting$guard                      0x20000dbb   Thumb Code     0  use_no_semi.o(.text)
    __use_no_semihosting_swi                 0x20000dbb   Thumb Code     2  use_no_semi.o(.text)
    W25QXX_QPI_MODE                          0x20000dc0   Data           1  w25qxx.o(.data)
    W25QXX_TYPE                              0x20000dc2   Data           2  w25qxx.o(.data)
    USART_RX_STA                             0x20000dc6   Data           2  usart.o(.data)
    __stdout                                 0x20000dc8   Data           4  usart.o(.data)
    StorageInfo                              0x20000dcc   Data         200  dev_inf.o(.constdata)
    W25QXX_BUFFER                            0x20000dcc   Data        4096  w25qxx.o(.bss)
    USART_RX_BUF                             0x20001dcc   Data         200  usart.o(.bss)



==============================================================================

Memory Map of the image

  Image entry point : Not specified.

  Load Region FLASH_LOADER (Base: 0x20000004, Size: 0x00000dc8, Max: 0xffffffff, PI)

    Execution Region PrgCode (Exec base: 0x20000004, Load base: 0x20000004, Size: 0x00000db8, Max: 0xffffffff, PI)

    Exec Addr    Load Addr    Size         Type   Attr      Idx    E Section Name        Object

    0x20000004   0x20000004   0x00000006   Code   RO          206    .emb_text           sys.o
    0x2000000a   0x2000000a   0x00000002   PAD
    0x2000000c   0x2000000c   0x00000004   Code   RO            1    .rev16_text         loader_src.o
    0x20000010   0x20000010   0x00000004   Code   RO           87    .rev16_text         qspi.o
    0x20000014   0x20000014   0x00000004   Code   RO          115    .rev16_text         w25qxx.o
    0x20000018   0x20000018   0x00000004   Code   RO          147    .rev16_text         led.o
    0x2000001c   0x2000001c   0x00000004   Code   RO          174    .rev16_text         delay.o
    0x20000020   0x20000020   0x00000004   Code   RO          203    .rev16_text         sys.o
    0x20000024   0x20000024   0x00000004   Code   RO          255    .rev16_text         usart.o
    0x20000028   0x20000028   0x00000004   Code   RO            2    .revsh_text         loader_src.o
    0x2000002c   0x2000002c   0x00000004   Code   RO           88    .revsh_text         qspi.o
    0x20000030   0x20000030   0x00000004   Code   RO          116    .revsh_text         w25qxx.o
    0x20000034   0x20000034   0x00000004   Code   RO          148    .revsh_text         led.o
    0x20000038   0x20000038   0x00000004   Code   RO          175    .revsh_text         delay.o
    0x2000003c   0x2000003c   0x00000004   Code   RO          204    .revsh_text         sys.o
    0x20000040   0x20000040   0x00000004   Code   RO          256    .revsh_text         usart.o
    0x20000044   0x20000044   0x00000006   Code   RO            3    .rrx_text           loader_src.o
    0x2000004a   0x2000004a   0x00000002   PAD
    0x2000004c   0x2000004c   0x00000006   Code   RO           89    .rrx_text           qspi.o
    0x20000052   0x20000052   0x00000002   PAD
    0x20000054   0x20000054   0x00000006   Code   RO          117    .rrx_text           w25qxx.o
    0x2000005a   0x2000005a   0x00000002   PAD
    0x2000005c   0x2000005c   0x00000006   Code   RO          149    .rrx_text           led.o
    0x20000062   0x20000062   0x00000002   PAD
    0x20000064   0x20000064   0x00000006   Code   RO          176    .rrx_text           delay.o
    0x2000006a   0x2000006a   0x00000002   PAD
    0x2000006c   0x2000006c   0x00000006   Code   RO          205    .rrx_text           sys.o
    0x20000072   0x20000072   0x00000002   PAD
    0x20000074   0x20000074   0x00000006   Code   RO          257    .rrx_text           usart.o
    0x2000007a   0x2000007a   0x000001e8   Code   RO            4    .text               loader_src.o
    0x20000262   0x20000262   0x00000002   PAD
    0x20000264   0x20000264   0x00000268   Code   RO           90    .text               qspi.o
    0x200004cc   0x200004cc   0x000002ec   Code   RO          118    .text               w25qxx.o
    0x200007b8   0x200007b8   0x00000038   Code   RO          150    .text               led.o
    0x200007f0   0x200007f0   0x000000ac   Code   RO          177    .text               delay.o
    0x2000089c   0x2000089c   0x00000410   Code   RO          207    .text               sys.o
    0x20000cac   0x20000cac   0x0000010c   Code   RO          258    .text               usart.o
    0x20000db8   0x20000db8   0x00000002   Code   RO          293    .text               c_we.l(use_no_semi_2.o)
    0x20000dba   0x20000dba   0x00000002   Code   RO          295    .text               c_we.l(use_no_semi.o)


    Execution Region PrgData (Exec base: 0x20000dbc, Load base: 0x20000dbc, Size: 0x000010d8, Max: 0xffffffff, PI)

    Exec Addr    Load Addr    Size         Type   Attr      Idx    E Section Name        Object

    0x20000dbc   0x20000dbc   0x00000004   Data   RW          297    PDT$$ptr            anon$$obj.o
    0x20000dc0   0x20000dc0   0x00000004   Data   RW          120    .data               w25qxx.o
    0x20000dc4   0x20000dc4   0x00000002   Data   RW          178    .data               delay.o
    0x20000dc6   0x20000dc6   0x00000002   Data   RW          260    .data               usart.o
    0x20000dc8   0x20000dc8   0x00000004   Data   RW          261    .data               usart.o
    0x20000dcc        -       0x00001000   Zero   RW          119    .bss                w25qxx.o
    0x20001dcc        -       0x000000c8   Zero   RW          259    .bss                usart.o



  Load Region DEVICE_INFO (Base: 0x20000dcc, Size: 0x000000c8, Max: 0xffffffff, PI)

    Execution Region DevInfo (Exec base: 0x20000dcc, Load base: 0x20000dcc, Size: 0x000000c8, Max: 0xffffffff, PI)

    Exec Addr    Load Addr    Size         Type   Attr      Idx    E Section Name        Object

    0x20000dcc   0x20000dcc   0x000000c8   Data   RO           75    .constdata          dev_inf.o


==============================================================================

Image component sizes


      Code (inc. data)   RO Data    RW Data    ZI Data      Debug   Object Name

       186          4          0          2          0       2909   delay.o
         0          0        200          0          0       1178   dev_inf.o
        70          8          0          0          0       1923   led.o
       502          0          0          0          0       9900   loader_src.o
       630         26          0          0          0       4510   qspi.o
      1060         38          0          0          0     988313   sys.o
       282         26          0          6        200       4995   usart.o
       762         10          0          4       4096       6563   w25qxx.o

    ----------------------------------------------------------------------
      3508        112        200         16       4296    1020291   Object Totals
         0          0          0          4          0          0   (incl. Generated)
        16          0          0          0          0          0   (incl. Padding)

    ----------------------------------------------------------------------

      Code (inc. data)   RO Data    RW Data    ZI Data      Debug   Library Member Name

         2          0          0          0          0         64   use_no_semi.o
         2          0          0          0          0         64   use_no_semi_2.o

    ----------------------------------------------------------------------
         4          0          0          0          0        128   Library Totals
         0          0          0          0          0          0   (incl. Padding)

    ----------------------------------------------------------------------

      Code (inc. data)   RO Data    RW Data    ZI Data      Debug   Library Name

         4          0          0          0          0        128   c_we.l

    ----------------------------------------------------------------------
         4          0          0          0          0        128   Library Totals

    ----------------------------------------------------------------------

==============================================================================


      Code (inc. data)   RO Data    RW Data    ZI Data      Debug   

      3512        112        200         16       4296    1017355   Grand Totals
      3512        112        200         16       4296    1017355   ELF Image Totals
      3512        112        200         16          0          0   ROM Totals

==============================================================================

    Total RO  Size (Code + RO Data)                 3712 (   3.63kB)
    Total RW  Size (RW Data + ZI Data)              4312 (   4.21kB)
    Total ROM Size (Code + RO Data + RW Data)       3728 (   3.64kB)

==============================================================================

